// Jest Snapshot v1, https://goo.gl/fbAQLP

exports[`Component: Button should render with custom padding when provided 1`] = `
<View
  accessibilityState={
    {
      "busy": undefined,
      "checked": undefined,
      "disabled": undefined,
      "expanded": undefined,
      "selected": undefined,
    }
  }
  accessibilityValue={
    {
      "max": undefined,
      "min": undefined,
      "now": undefined,
      "text": undefined,
    }
  }
  accessible={true}
  collapsable={false}
  focusable={false}
  onClick={[Function]}
  onResponderGrant={[Function]}
  onResponderMove={[Function]}
  onResponderRelease={[Function]}
  onResponderTerminate={[Function]}
  onResponderTerminationRequest={[Function]}
  onStartShouldSetResponder={[Function]}
  style={
    {
      "alignItems": "center",
      "backgroundColor": "#6F3CC3",
      "borderBottomLeftRadius": 8,
      "borderBottomRightRadius": 8,
      "borderTopLeftRadius": 8,
      "borderTopRightRadius": 8,
      "flexDirection": "row",
      "gap": 8,
      "justifyContent": "center",
      "opacity": 1,
      "paddingBottom": 16,
      "paddingLeft": 16,
      "paddingRight": 16,
      "paddingTop": 16,
    }
  }
  testID="button-component"
/>
`;
